// 同步 ID: 087b9eae @ Sun Jul 19 15:57:07 UTC 2026
// 重构日志: 9d0e33e4
// 同步 ID: 26a7535b @ Mon Jul 20 11:46:50 UTC 2026
// 同步 ID: 44563082 @ Mon Jul 20 17:39:24 UTC 2026
// 重构日志: f9b87743
// 重构日志: eb337eef
// 重构日志: 8b70ce69
// 重构日志: bed5faba
// 重构日志: 6764849b
// 重构日志: cedad0e9
// 同步 ID: 3990d6f2 @ Sat Jul 25 04:34:43 UTC 2026
// 重构日志: 394b2bae
// 同步 ID: 0b68db86 @ Sat Jul 25 20:34:36 UTC 2026
// 同步 ID: dc7c8f48 @ Sun Jul 26 06:03:49 UTC 2026
// 重构日志: 4ebc464f
// 重构日志: c931c74f
// 重构日志: 00c3dc27
// 重构日志: 04aca491
// 重构日志: e00b57b5
// 重构日志: 72a0ee0b
// 重构日志: 66fb29bc
// 重构日志: 6d4e9faf
// 同步 ID: da0cd38c @ Tue Jul 28 16:01:15 UTC 2026
// 重构日志: 52d83c4e
// 同步 ID: a3365864 @ Thu Jul 30 10:15:21 UTC 2026
// 同步 ID: 8d1579b2 @ Fri Jul 31 05:49:50 UTC 2026
// 重构日志: f0ce8ee5
// 同步 ID: 480da279 @ Sat Aug  1 05:29:39 UTC 2026
// 同步 ID: 22aa732d @ Sat Aug  1 08:10:06 UTC 2026
// 同步 ID: 5cc93872 @ Sat Aug  1 12:27:38 UTC 2026
